15:20:23 **** Incremental Build of configuration Debug for project DT_STM ****
make -j12 all 
arm-none-eabi-gcc "../Core/Src/data.c" -mcpu=cortex-m4 -std=gnu11 -g3 -DDEBUG -DUSE_HAL_DRIVER -DSTM32F334x8 -c -I../Core/Inc -I../Drivers/STM32F3xx_HAL_Driver/Inc -I../Drivers/STM32F3xx_HAL_Driver/Inc/Legacy -I../Drivers/CMSIS/Device/ST/STM32F3xx/Include -I../Drivers/CMSIS/Include -O0 -ffunction-sections -fdata-sections -Wall -fstack-usage -fcyclomatic-complexity -MMD -MP -MF"Core/Src/data.d" -MT"Core/Src/data.o" --specs=nano.specs -mfpu=fpv4-sp-d16 -mfloat-abi=hard -mthumb -o "Core/Src/data.o"
arm-none-eabi-gcc "../Core/Src/main.c" -mcpu=cortex-m4 -std=gnu11 -g3 -DDEBUG -DUSE_HAL_DRIVER -DSTM32F334x8 -c -I../Core/Inc -I../Drivers/STM32F3xx_HAL_Driver/Inc -I../Drivers/STM32F3xx_HAL_Driver/Inc/Legacy -I../Drivers/CMSIS/Device/ST/STM32F3xx/Include -I../Drivers/CMSIS/Include -O0 -ffunction-sections -fdata-sections -Wall -fstack-usage -fcyclomatic-complexity -MMD -MP -MF"Core/Src/main.d" -MT"Core/Src/main.o" --specs=nano.specs -mfpu=fpv4-sp-d16 -mfloat-abi=hard -mthumb -o "Core/Src/main.o"
arm-none-eabi-gcc -o "DT_STM.elf" @"objects.list"   -mcpu=cortex-m4 -T"C:\Users\roszc\Desktop\desk\MiLL_AI_BehaviorStudy\AI_Testing_Edge\decision_tree\STM\DT_STM\STM32F334R8TX_FLASH.ld" --specs=nosys.specs -Wl,-Map="DT_STM.map" -Wl,--gc-sections -static --specs=nano.specs -mfpu=fpv4-sp-d16 -mfloat-abi=hard -mthumb -Wl,--start-group -lc -lm -Wl,--end-group
Finished building target: DT_STM.elf
 
arm-none-eabi-size  DT_STM.elf 
arm-none-eabi-objdump -h -S DT_STM.elf  > "DT_STM.list"
   text	   data	    bss	    dec	    hex	filename
  11088	   4580	   1988	  17656	   44f8	DT_STM.elf
Finished building: default.size.stdout
 
Finished building: DT_STM.list
 
15:23:08 **** Incremental Build of configuration Debug for project DT_STM ****
make -j12 all 
arm-none-eabi-size  DT_STM.elf 
   text	   data	    bss	    dec	    hex	filename
  11088	   4580	   1988	  17656	   44f8	DT_STM.elf
Finished building: default.size.stdout
 
15:36:03 **** Incremental Build of configuration Debug for project DT_STM ****
make -j12 all 
arm-none-eabi-gcc "../Core/Src/main.c" -mcpu=cortex-m4 -std=gnu11 -g3 -DDEBUG -DUSE_HAL_DRIVER -DSTM32F334x8 -c -I../Core/Inc -I../Drivers/STM32F3xx_HAL_Driver/Inc -I../Drivers/STM32F3xx_HAL_Driver/Inc/Legacy -I../Drivers/CMSIS/Device/ST/STM32F3xx/Include -I../Drivers/CMSIS/Include -O0 -ffunction-sections -fdata-sections -Wall -fstack-usage -fcyclomatic-complexity -MMD -MP -MF"Core/Src/main.d" -MT"Core/Src/main.o" --specs=nano.specs -mfpu=fpv4-sp-d16 -mfloat-abi=hard -mthumb -o "Core/Src/main.o"
arm-none-eabi-gcc "../Core/Src/stm32f3xx_hal_msp.c" -mcpu=cortex-m4 -std=gnu11 -g3 -DDEBUG -DUSE_HAL_DRIVER -DSTM32F334x8 -c -I../Core/Inc -I../Drivers/STM32F3xx_HAL_Driver/Inc -I../Drivers/STM32F3xx_HAL_Driver/Inc/Legacy -I../Drivers/CMSIS/Device/ST/STM32F3xx/Include -I../Drivers/CMSIS/Include -O0 -ffunction-sections -fdata-sections -Wall -fstack-usage -fcyclomatic-complexity -MMD -MP -MF"Core/Src/stm32f3xx_hal_msp.d" -MT"Core/Src/stm32f3xx_hal_msp.o" --specs=nano.specs -mfpu=fpv4-sp-d16 -mfloat-abi=hard -mthumb -o "Core/Src/stm32f3xx_hal_msp.o"
arm-none-eabi-gcc "../Core/Src/stm32f3xx_it.c" -mcpu=cortex-m4 -std=gnu11 -g3 -DDEBUG -DUSE_HAL_DRIVER -DSTM32F334x8 -c -I../Core/Inc -I../Drivers/STM32F3xx_HAL_Driver/Inc -I../Drivers/STM32F3xx_HAL_Driver/Inc/Legacy -I../Drivers/CMSIS/Device/ST/STM32F3xx/Include -I../Drivers/CMSIS/Include -O0 -ffunction-sections -fdata-sections -Wall -fstack-usage -fcyclomatic-complexity -MMD -MP -MF"Core/Src/stm32f3xx_it.d" -MT"Core/Src/stm32f3xx_it.o" --specs=nano.specs -mfpu=fpv4-sp-d16 -mfloat-abi=hard -mthumb -o "Core/Src/stm32f3xx_it.o"
arm-none-eabi-gcc -o "DT_STM.elf" @"objects.list"   -mcpu=cortex-m4 -T"C:\Users\roszc\Desktop\desk\MiLL_AI_BehaviorStudy\AI_Testing_Edge\decision_tree\STM\DT_STM\STM32F334R8TX_FLASH.ld" --specs=nosys.specs -Wl,-Map="DT_STM.map" -Wl,--gc-sections -static --specs=nano.specs -mfpu=fpv4-sp-d16 -mfloat-abi=hard -mthumb -Wl,--start-group -lc -lm -Wl,--end-group
Finished building target: DT_STM.elf
 
arm-none-eabi-size  DT_STM.elf 
arm-none-eabi-objdump -h -S DT_STM.elf  > "DT_STM.list"
   text	   data	    bss	    dec	    hex	filename
  12116	   4580	   1988	  18684	   48fc	DT_STM.elf
Finished building: default.size.stdout
 
Finished building: DT_STM.list
 
15:38:32 **** Incremental Build of configuration Debug for project DT_STM ****
make -j12 all 
arm-none-eabi-gcc "../Core/Src/main.c" -mcpu=cortex-m4 -std=gnu11 -g3 -DDEBUG -DUSE_HAL_DRIVER -DSTM32F334x8 -c -I../Core/Inc -I../Drivers/STM32F3xx_HAL_Driver/Inc -I../Drivers/STM32F3xx_HAL_Driver/Inc/Legacy -I../Drivers/CMSIS/Device/ST/STM32F3xx/Include -I../Drivers/CMSIS/Include -O0 -ffunction-sections -fdata-sections -Wall -fstack-usage -fcyclomatic-complexity -MMD -MP -MF"Core/Src/main.d" -MT"Core/Src/main.o" --specs=nano.specs -mfpu=fpv4-sp-d16 -mfloat-abi=hard -mthumb -o "Core/Src/main.o"
arm-none-eabi-gcc -o "DT_STM.elf" @"objects.list"   -mcpu=cortex-m4 -T"C:\Users\roszc\Desktop\desk\MiLL_AI_BehaviorStudy\AI_Testing_Edge\decision_tree\STM\DT_STM\STM32F334R8TX_FLASH.ld" --specs=nosys.specs -Wl,-Map="DT_STM.map" -Wl,--gc-sections -static --specs=nano.specs -mfpu=fpv4-sp-d16 -mfloat-abi=hard -mthumb -Wl,--start-group -lc -lm -Wl,--end-group
Finished building target: DT_STM.elf
 
arm-none-eabi-size  DT_STM.elf 
arm-none-eabi-objdump -h -S DT_STM.elf  > "DT_STM.list"
   text	   data	    bss	    dec	    hex	filename
  12116	   4580	   1988	  18684	   48fc	DT_STM.elf
Finished building: default.size.stdout
 
Finished building: DT_STM.list
 
15:39:01 **** Incremental Build of configuration Debug for project DT_STM ****
make -j12 all 
arm-none-eabi-gcc "../Core/Src/main.c" -mcpu=cortex-m4 -std=gnu11 -g3 -DDEBUG -DUSE_HAL_DRIVER -DSTM32F334x8 -c -I../Core/Inc -I../Drivers/STM32F3xx_HAL_Driver/Inc -I../Drivers/STM32F3xx_HAL_Driver/Inc/Legacy -I../Drivers/CMSIS/Device/ST/STM32F3xx/Include -I../Drivers/CMSIS/Include -O0 -ffunction-sections -fdata-sections -Wall -fstack-usage -fcyclomatic-complexity -MMD -MP -MF"Core/Src/main.d" -MT"Core/Src/main.o" --specs=nano.specs -mfpu=fpv4-sp-d16 -mfloat-abi=hard -mthumb -o "Core/Src/main.o"
arm-none-eabi-gcc -o "DT_STM.elf" @"objects.list"   -mcpu=cortex-m4 -T"C:\Users\roszc\Desktop\desk\MiLL_AI_BehaviorStudy\AI_Testing_Edge\decision_tree\STM\DT_STM\STM32F334R8TX_FLASH.ld" --specs=nosys.specs -Wl,-Map="DT_STM.map" -Wl,--gc-sections -static --specs=nano.specs -mfpu=fpv4-sp-d16 -mfloat-abi=hard -mthumb -Wl,--start-group -lc -lm -Wl,--end-group
Finished building target: DT_STM.elf
 
arm-none-eabi-size  DT_STM.elf 
arm-none-eabi-objdump -h -S DT_STM.elf  > "DT_STM.list"
   text	   data	    bss	    dec	    hex	filename
  12156	   4580	   1988	  18724	   4924	DT_STM.elf
Finished building: default.size.stdout
 
Finished building: DT_STM.list
 
15:39:14 **** Incremental Build of configuration Debug for project DT_STM ****
make -j12 all 
arm-none-eabi-gcc "../Core/Src/main.c" -mcpu=cortex-m4 -std=gnu11 -g3 -DDEBUG -DUSE_HAL_DRIVER -DSTM32F334x8 -c -I../Core/Inc -I../Drivers/STM32F3xx_HAL_Driver/Inc -I../Drivers/STM32F3xx_HAL_Driver/Inc/Legacy -I../Drivers/CMSIS/Device/ST/STM32F3xx/Include -I../Drivers/CMSIS/Include -O0 -ffunction-sections -fdata-sections -Wall -fstack-usage -fcyclomatic-complexity -MMD -MP -MF"Core/Src/main.d" -MT"Core/Src/main.o" --specs=nano.specs -mfpu=fpv4-sp-d16 -mfloat-abi=hard -mthumb -o "Core/Src/main.o"
arm-none-eabi-gcc -o "DT_STM.elf" @"objects.list"   -mcpu=cortex-m4 -T"C:\Users\roszc\Desktop\desk\MiLL_AI_BehaviorStudy\AI_Testing_Edge\decision_tree\STM\DT_STM\STM32F334R8TX_FLASH.ld" --specs=nosys.specs -Wl,-Map="DT_STM.map" -Wl,--gc-sections -static --specs=nano.specs -mfpu=fpv4-sp-d16 -mfloat-abi=hard -mthumb -Wl,--start-group -lc -lm -Wl,--end-group
Finished building target: DT_STM.elf
 
arm-none-eabi-size  DT_STM.elf 
arm-none-eabi-objdump -h -S DT_STM.elf  > "DT_STM.list"
   text	   data	    bss	    dec	    hex	filename
  12156	   4580	   1988	  18724	   4924	DT_STM.elf
Finished building: default.size.stdout
 
Finished building: DT_STM.list
 
15:43:10 **** Incremental Build of configuration Debug for project DT_STM ****
make -j12 all 
arm-none-eabi-gcc "../Core/Src/main.c" -mcpu=cortex-m4 -std=gnu11 -g3 -DDEBUG -DUSE_HAL_DRIVER -DSTM32F334x8 -c -I../Core/Inc -I../Drivers/STM32F3xx_HAL_Driver/Inc -I../Drivers/STM32F3xx_HAL_Driver/Inc/Legacy -I../Drivers/CMSIS/Device/ST/STM32F3xx/Include -I../Drivers/CMSIS/Include -O0 -ffunction-sections -fdata-sections -Wall -fstack-usage -fcyclomatic-complexity -MMD -MP -MF"Core/Src/main.d" -MT"Core/Src/main.o" --specs=nano.specs -mfpu=fpv4-sp-d16 -mfloat-abi=hard -mthumb -o "Core/Src/main.o"
arm-none-eabi-gcc "../Core/Src/stm32f3xx_hal_msp.c" -mcpu=cortex-m4 -std=gnu11 -g3 -DDEBUG -DUSE_HAL_DRIVER -DSTM32F334x8 -c -I../Core/Inc -I../Drivers/STM32F3xx_HAL_Driver/Inc -I../Drivers/STM32F3xx_HAL_Driver/Inc/Legacy -I../Drivers/CMSIS/Device/ST/STM32F3xx/Include -I../Drivers/CMSIS/Include -O0 -ffunction-sections -fdata-sections -Wall -fstack-usage -fcyclomatic-complexity -MMD -MP -MF"Core/Src/stm32f3xx_hal_msp.d" -MT"Core/Src/stm32f3xx_hal_msp.o" --specs=nano.specs -mfpu=fpv4-sp-d16 -mfloat-abi=hard -mthumb -o "Core/Src/stm32f3xx_hal_msp.o"
arm-none-eabi-gcc "../Core/Src/stm32f3xx_it.c" -mcpu=cortex-m4 -std=gnu11 -g3 -DDEBUG -DUSE_HAL_DRIVER -DSTM32F334x8 -c -I../Core/Inc -I../Drivers/STM32F3xx_HAL_Driver/Inc -I../Drivers/STM32F3xx_HAL_Driver/Inc/Legacy -I../Drivers/CMSIS/Device/ST/STM32F3xx/Include -I../Drivers/CMSIS/Include -O0 -ffunction-sections -fdata-sections -Wall -fstack-usage -fcyclomatic-complexity -MMD -MP -MF"Core/Src/stm32f3xx_it.d" -MT"Core/Src/stm32f3xx_it.o" --specs=nano.specs -mfpu=fpv4-sp-d16 -mfloat-abi=hard -mthumb -o "Core/Src/stm32f3xx_it.o"
arm-none-eabi-gcc -o "DT_STM.elf" @"objects.list"   -mcpu=cortex-m4 -T"C:\Users\roszc\Desktop\desk\MiLL_AI_BehaviorStudy\AI_Testing_Edge\decision_tree\STM\DT_STM\STM32F334R8TX_FLASH.ld" --specs=nosys.specs -Wl,-Map="DT_STM.map" -Wl,--gc-sections -static --specs=nano.specs -mfpu=fpv4-sp-d16 -mfloat-abi=hard -mthumb -Wl,--start-group -lc -lm -Wl,--end-group
Finished building target: DT_STM.elf
 
arm-none-eabi-size  DT_STM.elf 
arm-none-eabi-objdump -h -S DT_STM.elf  > "DT_STM.list"
   text	   data	    bss	    dec	    hex	filename
  12156	   4580	   1988	  18724	   4924	DT_STM.elf
Finished building: default.size.stdout
 
Finished building: DT_STM.list
 
15:46:29 **** Incremental Build of configuration Debug for project DT_STM ****
make -j12 all 
arm-none-eabi-gcc "../Core/Src/main.c" -mcpu=cortex-m4 -std=gnu11 -g3 -DDEBUG -DUSE_HAL_DRIVER -DSTM32F334x8 -c -I../Core/Inc -I../Drivers/STM32F3xx_HAL_Driver/Inc -I../Drivers/STM32F3xx_HAL_Driver/Inc/Legacy -I../Drivers/CMSIS/Device/ST/STM32F3xx/Include -I../Drivers/CMSIS/Include -O0 -ffunction-sections -fdata-sections -Wall -fstack-usage -fcyclomatic-complexity -MMD -MP -MF"Core/Src/main.d" -MT"Core/Src/main.o" --specs=nano.specs -mfpu=fpv4-sp-d16 -mfloat-abi=hard -mthumb -o "Core/Src/main.o"
arm-none-eabi-gcc "../Core/Src/stm32f3xx_hal_msp.c" -mcpu=cortex-m4 -std=gnu11 -g3 -DDEBUG -DUSE_HAL_DRIVER -DSTM32F334x8 -c -I../Core/Inc -I../Drivers/STM32F3xx_HAL_Driver/Inc -I../Drivers/STM32F3xx_HAL_Driver/Inc/Legacy -I../Drivers/CMSIS/Device/ST/STM32F3xx/Include -I../Drivers/CMSIS/Include -O0 -ffunction-sections -fdata-sections -Wall -fstack-usage -fcyclomatic-complexity -MMD -MP -MF"Core/Src/stm32f3xx_hal_msp.d" -MT"Core/Src/stm32f3xx_hal_msp.o" --specs=nano.specs -mfpu=fpv4-sp-d16 -mfloat-abi=hard -mthumb -o "Core/Src/stm32f3xx_hal_msp.o"
arm-none-eabi-gcc "../Core/Src/stm32f3xx_it.c" -mcpu=cortex-m4 -std=gnu11 -g3 -DDEBUG -DUSE_HAL_DRIVER -DSTM32F334x8 -c -I../Core/Inc -I../Drivers/STM32F3xx_HAL_Driver/Inc -I../Drivers/STM32F3xx_HAL_Driver/Inc/Legacy -I../Drivers/CMSIS/Device/ST/STM32F3xx/Include -I../Drivers/CMSIS/Include -O0 -ffunction-sections -fdata-sections -Wall -fstack-usage -fcyclomatic-complexity -MMD -MP -MF"Core/Src/stm32f3xx_it.d" -MT"Core/Src/stm32f3xx_it.o" --specs=nano.specs -mfpu=fpv4-sp-d16 -mfloat-abi=hard -mthumb -o "Core/Src/stm32f3xx_it.o"
arm-none-eabi-gcc -o "DT_STM.elf" @"objects.list"   -mcpu=cortex-m4 -T"C:\Users\roszc\Desktop\desk\MiLL_AI_BehaviorStudy\AI_Testing_Edge\decision_tree\STM\DT_STM\STM32F334R8TX_FLASH.ld" --specs=nosys.specs -Wl,-Map="DT_STM.map" -Wl,--gc-sections -static --specs=nano.specs -mfpu=fpv4-sp-d16 -mfloat-abi=hard -mthumb -Wl,--start-group -lc -lm -Wl,--end-group
Finished building target: DT_STM.elf
 
arm-none-eabi-size  DT_STM.elf 
arm-none-eabi-objdump -h -S DT_STM.elf  > "DT_STM.list"
   text	   data	    bss	    dec	    hex	filename
  12144	   4580	   1988	  18712	   4918	DT_STM.elf
Finished building: default.size.stdout
 
Finished building: DT_STM.list
 
15:50:52 **** Incremental Build of configuration Debug for project DT_STM ****
make -j12 all 
arm-none-eabi-gcc "../Core/Src/main.c" -mcpu=cortex-m4 -std=gnu11 -g3 -DDEBUG -DUSE_HAL_DRIVER -DSTM32F334x8 -c -I../Core/Inc -I../Drivers/STM32F3xx_HAL_Driver/Inc -I../Drivers/STM32F3xx_HAL_Driver/Inc/Legacy -I../Drivers/CMSIS/Device/ST/STM32F3xx/Include -I../Drivers/CMSIS/Include -O0 -ffunction-sections -fdata-sections -Wall -fstack-usage -fcyclomatic-complexity -MMD -MP -MF"Core/Src/main.d" -MT"Core/Src/main.o" --specs=nano.specs -mfpu=fpv4-sp-d16 -mfloat-abi=hard -mthumb -o "Core/Src/main.o"
arm-none-eabi-gcc -o "DT_STM.elf" @"objects.list"   -mcpu=cortex-m4 -T"C:\Users\roszc\Desktop\desk\MiLL_AI_BehaviorStudy\AI_Testing_Edge\decision_tree\STM\DT_STM\STM32F334R8TX_FLASH.ld" --specs=nosys.specs -Wl,-Map="DT_STM.map" -Wl,--gc-sections -static --specs=nano.specs -mfpu=fpv4-sp-d16 -mfloat-abi=hard -mthumb -Wl,--start-group -lc -lm -Wl,--end-group
Finished building target: DT_STM.elf
 
arm-none-eabi-size  DT_STM.elf 
arm-none-eabi-objdump -h -S DT_STM.elf  > "DT_STM.list"
   text	   data	    bss	    dec	    hex	filename
  12180	   4580	   1988	  18748	   493c	DT_STM.elf
Finished building: default.size.stdout
 
Finished building: DT_STM.list
 
15:51:48 **** Incremental Build of configuration Debug for project DT_STM ****
make -j12 all 
arm-none-eabi-size  DT_STM.elf 
   text	   data	    bss	    dec	    hex	filename
  12180	   4580	   1988	  18748	   493c	DT_STM.elf
Finished building: default.size.stdout
 
15:52:38 **** Incremental Build of configuration Debug for project DT_STM ****
make -j12 all 
arm-none-eabi-gcc "../Core/Src/main.c" -mcpu=cortex-m4 -std=gnu11 -g3 -DDEBUG -DUSE_HAL_DRIVER -DSTM32F334x8 -c -I../Core/Inc -I../Drivers/STM32F3xx_HAL_Driver/Inc -I../Drivers/STM32F3xx_HAL_Driver/Inc/Legacy -I../Drivers/CMSIS/Device/ST/STM32F3xx/Include -I../Drivers/CMSIS/Include -O0 -ffunction-sections -fdata-sections -Wall -fstack-usage -fcyclomatic-complexity -MMD -MP -MF"Core/Src/main.d" -MT"Core/Src/main.o" --specs=nano.specs -mfpu=fpv4-sp-d16 -mfloat-abi=hard -mthumb -o "Core/Src/main.o"
arm-none-eabi-gcc -o "DT_STM.elf" @"objects.list"   -mcpu=cortex-m4 -T"C:\Users\roszc\Desktop\desk\MiLL_AI_BehaviorStudy\AI_Testing_Edge\decision_tree\STM\DT_STM\STM32F334R8TX_FLASH.ld" --specs=nosys.specs -Wl,-Map="DT_STM.map" -Wl,--gc-sections -static --specs=nano.specs -mfpu=fpv4-sp-d16 -mfloat-abi=hard -mthumb -Wl,--start-group -lc -lm -Wl,--end-group
Finished building target: DT_STM.elf
 
arm-none-eabi-size  DT_STM.elf 
arm-none-eabi-objdump -h -S DT_STM.elf  > "DT_STM.list"
   text	   data	    bss	    dec	    hex	filename
  12180	   4580	   1988	  18748	   493c	DT_STM.elf
Finished building: default.size.stdout
 
Finished building: DT_STM.list
 
15:54:20 **** Incremental Build of configuration Debug for project DT_STM ****
make -j12 all 
arm-none-eabi-gcc "../Core/Src/main.c" -mcpu=cortex-m4 -std=gnu11 -g3 -DDEBUG -DUSE_HAL_DRIVER -DSTM32F334x8 -c -I../Core/Inc -I../Drivers/STM32F3xx_HAL_Driver/Inc -I../Drivers/STM32F3xx_HAL_Driver/Inc/Legacy -I../Drivers/CMSIS/Device/ST/STM32F3xx/Include -I../Drivers/CMSIS/Include -O0 -ffunction-sections -fdata-sections -Wall -fstack-usage -fcyclomatic-complexity -MMD -MP -MF"Core/Src/main.d" -MT"Core/Src/main.o" --specs=nano.specs -mfpu=fpv4-sp-d16 -mfloat-abi=hard -mthumb -o "Core/Src/main.o"
arm-none-eabi-gcc -o "DT_STM.elf" @"objects.list"   -mcpu=cortex-m4 -T"C:\Users\roszc\Desktop\desk\MiLL_AI_BehaviorStudy\AI_Testing_Edge\decision_tree\STM\DT_STM\STM32F334R8TX_FLASH.ld" --specs=nosys.specs -Wl,-Map="DT_STM.map" -Wl,--gc-sections -static --specs=nano.specs -mfpu=fpv4-sp-d16 -mfloat-abi=hard -mthumb -Wl,--start-group -lc -lm -Wl,--end-group
Finished building target: DT_STM.elf
 
arm-none-eabi-size  DT_STM.elf 
arm-none-eabi-objdump -h -S DT_STM.elf  > "DT_STM.list"
   text	   data	    bss	    dec	    hex	filename
  12144	   4580	   1988	  18712	   4918	DT_STM.elf
Finished building: default.size.stdout
 
Finished building: DT_STM.list
 
15:54:42 **** Incremental Build of configuration Debug for project DT_STM ****
make -j12 all 
arm-none-eabi-size  DT_STM.elf 
   text	   data	    bss	    dec	    hex	filename
  12144	   4580	   1988	  18712	   4918	DT_STM.elf
Finished building: default.size.stdout
 
15:56:18 **** Incremental Build of configuration Debug for project DT_STM ****
make -j12 all 
arm-none-eabi-gcc "../Core/Src/main.c" -mcpu=cortex-m4 -std=gnu11 -g3 -DDEBUG -DUSE_HAL_DRIVER -DSTM32F334x8 -c -I../Core/Inc -I../Drivers/STM32F3xx_HAL_Driver/Inc -I../Drivers/STM32F3xx_HAL_Driver/Inc/Legacy -I../Drivers/CMSIS/Device/ST/STM32F3xx/Include -I../Drivers/CMSIS/Include -O0 -ffunction-sections -fdata-sections -Wall -fstack-usage -fcyclomatic-complexity -MMD -MP -MF"Core/Src/main.d" -MT"Core/Src/main.o" --specs=nano.specs -mfpu=fpv4-sp-d16 -mfloat-abi=hard -mthumb -o "Core/Src/main.o"
arm-none-eabi-gcc -o "DT_STM.elf" @"objects.list"   -mcpu=cortex-m4 -T"C:\Users\roszc\Desktop\desk\MiLL_AI_BehaviorStudy\AI_Testing_Edge\decision_tree\STM\DT_STM\STM32F334R8TX_FLASH.ld" --specs=nosys.specs -Wl,-Map="DT_STM.map" -Wl,--gc-sections -static --specs=nano.specs -mfpu=fpv4-sp-d16 -mfloat-abi=hard -mthumb -Wl,--start-group -lc -lm -Wl,--end-group
Finished building target: DT_STM.elf
 
arm-none-eabi-size  DT_STM.elf 
arm-none-eabi-objdump -h -S DT_STM.elf  > "DT_STM.list"
   text	   data	    bss	    dec	    hex	filename
  12148	   4580	   1988	  18716	   491c	DT_STM.elf
Finished building: default.size.stdout
 
Finished building: DT_STM.list
 
15:59:28 **** Incremental Build of configuration Debug for project DT_STM ****
make -j12 all 
arm-none-eabi-gcc "../Core/Src/main.c" -mcpu=cortex-m4 -std=gnu11 -g3 -DDEBUG -DUSE_HAL_DRIVER -DSTM32F334x8 -c -I../Core/Inc -I../Drivers/STM32F3xx_HAL_Driver/Inc -I../Drivers/STM32F3xx_HAL_Driver/Inc/Legacy -I../Drivers/CMSIS/Device/ST/STM32F3xx/Include -I../Drivers/CMSIS/Include -O0 -ffunction-sections -fdata-sections -Wall -fstack-usage -fcyclomatic-complexity -MMD -MP -MF"Core/Src/main.d" -MT"Core/Src/main.o" --specs=nano.specs -mfpu=fpv4-sp-d16 -mfloat-abi=hard -mthumb -o "Core/Src/main.o"
arm-none-eabi-gcc -o "DT_STM.elf" @"objects.list"   -mcpu=cortex-m4 -T"C:\Users\roszc\Desktop\desk\MiLL_AI_BehaviorStudy\AI_Testing_Edge\decision_tree\STM\DT_STM\STM32F334R8TX_FLASH.ld" --specs=nosys.specs -Wl,-Map="DT_STM.map" -Wl,--gc-sections -static --specs=nano.specs -mfpu=fpv4-sp-d16 -mfloat-abi=hard -mthumb -Wl,--start-group -lc -lm -Wl,--end-group
Finished building target: DT_STM.elf
 
arm-none-eabi-size  DT_STM.elf 
arm-none-eabi-objdump -h -S DT_STM.elf  > "DT_STM.list"
   text	   data	    bss	    dec	    hex	filename
  12112	   4580	   1988	  18680	   48f8	DT_STM.elf
Finished building: default.size.stdout
 
Finished building: DT_STM.list
 
16:02:08 **** Incremental Build of configuration Debug for project DT_STM ****
make -j12 all 
arm-none-eabi-gcc "../Core/Src/main.c" -mcpu=cortex-m4 -std=gnu11 -g3 -DDEBUG -DUSE_HAL_DRIVER -DSTM32F334x8 -c -I../Core/Inc -I../Drivers/STM32F3xx_HAL_Driver/Inc -I../Drivers/STM32F3xx_HAL_Driver/Inc/Legacy -I../Drivers/CMSIS/Device/ST/STM32F3xx/Include -I../Drivers/CMSIS/Include -O0 -ffunction-sections -fdata-sections -Wall -fstack-usage -fcyclomatic-complexity -MMD -MP -MF"Core/Src/main.d" -MT"Core/Src/main.o" --specs=nano.specs -mfpu=fpv4-sp-d16 -mfloat-abi=hard -mthumb -o "Core/Src/main.o"
arm-none-eabi-gcc -o "DT_STM.elf" @"objects.list"   -mcpu=cortex-m4 -T"C:\Users\roszc\Desktop\desk\MiLL_AI_BehaviorStudy\AI_Testing_Edge\decision_tree\STM\DT_STM\STM32F334R8TX_FLASH.ld" --specs=nosys.specs -Wl,-Map="DT_STM.map" -Wl,--gc-sections -static --specs=nano.specs -mfpu=fpv4-sp-d16 -mfloat-abi=hard -mthumb -Wl,--start-group -lc -lm -Wl,--end-group
Finished building target: DT_STM.elf
 
arm-none-eabi-size  DT_STM.elf 
arm-none-eabi-objdump -h -S DT_STM.elf  > "DT_STM.list"
   text	   data	    bss	    dec	    hex	filename
  12128	   4580	   1988	  18696	   4908	DT_STM.elf
Finished building: default.size.stdout
 
Finished building: DT_STM.list
 
16:05:37 **** Incremental Build of configuration Debug for project DT_STM ****
make -j12 all 
arm-none-eabi-gcc "../Core/Src/main.c" -mcpu=cortex-m4 -std=gnu11 -g3 -DDEBUG -DUSE_HAL_DRIVER -DSTM32F334x8 -c -I../Core/Inc -I../Drivers/STM32F3xx_HAL_Driver/Inc -I../Drivers/STM32F3xx_HAL_Driver/Inc/Legacy -I../Drivers/CMSIS/Device/ST/STM32F3xx/Include -I../Drivers/CMSIS/Include -O0 -ffunction-sections -fdata-sections -Wall -fstack-usage -fcyclomatic-complexity -MMD -MP -MF"Core/Src/main.d" -MT"Core/Src/main.o" --specs=nano.specs -mfpu=fpv4-sp-d16 -mfloat-abi=hard -mthumb -o "Core/Src/main.o"
arm-none-eabi-gcc -o "DT_STM.elf" @"objects.list"   -mcpu=cortex-m4 -T"C:\Users\roszc\Desktop\desk\MiLL_AI_BehaviorStudy\AI_Testing_Edge\decision_tree\STM\DT_STM\STM32F334R8TX_FLASH.ld" --specs=nosys.specs -Wl,-Map="DT_STM.map" -Wl,--gc-sections -static --specs=nano.specs -mfpu=fpv4-sp-d16 -mfloat-abi=hard -mthumb -Wl,--start-group -lc -lm -Wl,--end-group
Finished building target: DT_STM.elf
 
arm-none-eabi-size  DT_STM.elf 
arm-none-eabi-objdump -h -S DT_STM.elf  > "DT_STM.list"
   text	   data	    bss	    dec	    hex	filename
  12128	   4580	   1988	  18696	   4908	DT_STM.elf
Finished building: default.size.stdout
 
Finished building: DT_STM.list
 
16:10:24 **** Incremental Build of configuration Debug for project DT_STM ****
make -j12 all 
arm-none-eabi-gcc "../Core/Src/main.c" -mcpu=cortex-m4 -std=gnu11 -g3 -DDEBUG -DUSE_HAL_DRIVER -DSTM32F334x8 -c -I../Core/Inc -I../Drivers/STM32F3xx_HAL_Driver/Inc -I../Drivers/STM32F3xx_HAL_Driver/Inc/Legacy -I../Drivers/CMSIS/Device/ST/STM32F3xx/Include -I../Drivers/CMSIS/Include -O0 -ffunction-sections -fdata-sections -Wall -fstack-usage -fcyclomatic-complexity -MMD -MP -MF"Core/Src/main.d" -MT"Core/Src/main.o" --specs=nano.specs -mfpu=fpv4-sp-d16 -mfloat-abi=hard -mthumb -o "Core/Src/main.o"
arm-none-eabi-gcc -o "DT_STM.elf" @"objects.list"   -mcpu=cortex-m4 -T"C:\Users\roszc\Desktop\desk\MiLL_AI_BehaviorStudy\AI_Testing_Edge\decision_tree\STM\DT_STM\STM32F334R8TX_FLASH.ld" --specs=nosys.specs -Wl,-Map="DT_STM.map" -Wl,--gc-sections -static --specs=nano.specs -mfpu=fpv4-sp-d16 -mfloat-abi=hard -mthumb -Wl,--start-group -lc -lm -Wl,--end-group
Finished building target: DT_STM.elf
 
arm-none-eabi-size  DT_STM.elf 
arm-none-eabi-objdump -h -S DT_STM.elf  > "DT_STM.list"
   text	   data	    bss	    dec	    hex	filename
  12124	   4580	   1988	  18692	   4904	DT_STM.elf
Finished building: default.size.stdout
 
Finished building: DT_STM.list
 
16:12:53 **** Incremental Build of configuration Debug for project DT_STM ****
make -j12 all 
arm-none-eabi-gcc "../Core/Src/main.c" -mcpu=cortex-m4 -std=gnu11 -g3 -DDEBUG -DUSE_HAL_DRIVER -DSTM32F334x8 -c -I../Core/Inc -I../Drivers/STM32F3xx_HAL_Driver/Inc -I../Drivers/STM32F3xx_HAL_Driver/Inc/Legacy -I../Drivers/CMSIS/Device/ST/STM32F3xx/Include -I../Drivers/CMSIS/Include -O0 -ffunction-sections -fdata-sections -Wall -fstack-usage -fcyclomatic-complexity -MMD -MP -MF"Core/Src/main.d" -MT"Core/Src/main.o" --specs=nano.specs -mfpu=fpv4-sp-d16 -mfloat-abi=hard -mthumb -o "Core/Src/main.o"
arm-none-eabi-gcc -o "DT_STM.elf" @"objects.list"   -mcpu=cortex-m4 -T"C:\Users\roszc\Desktop\desk\MiLL_AI_BehaviorStudy\AI_Testing_Edge\decision_tree\STM\DT_STM\STM32F334R8TX_FLASH.ld" --specs=nosys.specs -Wl,-Map="DT_STM.map" -Wl,--gc-sections -static --specs=nano.specs -mfpu=fpv4-sp-d16 -mfloat-abi=hard -mthumb -Wl,--start-group -lc -lm -Wl,--end-group
Finished building target: DT_STM.elf
 
arm-none-eabi-size  DT_STM.elf 
arm-none-eabi-objdump -h -S DT_STM.elf  > "DT_STM.list"
   text	   data	    bss	    dec	    hex	filename
  12136	   4580	   1988	  18704	   4910	DT_STM.elf
Finished building: default.size.stdout
 
Finished building: DT_STM.list
 
16:13:00 **** Incremental Build of configuration Debug for project DT_STM ****
make -j12 all 
arm-none-eabi-size  DT_STM.elf 
   text	   data	    bss	    dec	    hex	filename
  12136	   4580	   1988	  18704	   4910	DT_STM.elf
Finished building: default.size.stdout
 
17:37:48 **** Incremental Build of configuration Debug for project DT_STM ****
make -j12 all 
arm-none-eabi-gcc "../Core/Src/main.c" -mcpu=cortex-m4 -std=gnu11 -g3 -DDEBUG -DUSE_HAL_DRIVER -DSTM32F334x8 -c -I../Core/Inc -I../Drivers/STM32F3xx_HAL_Driver/Inc -I../Drivers/STM32F3xx_HAL_Driver/Inc/Legacy -I../Drivers/CMSIS/Device/ST/STM32F3xx/Include -I../Drivers/CMSIS/Include -O0 -ffunction-sections -fdata-sections -Wall -fstack-usage -fcyclomatic-complexity -MMD -MP -MF"Core/Src/main.d" -MT"Core/Src/main.o" --specs=nano.specs -mfpu=fpv4-sp-d16 -mfloat-abi=hard -mthumb -o "Core/Src/main.o"
../Core/Src/main.c: In function 'HAL_TIM_PeriodElapsedCallback':
../Core/Src/main.c:302:23: error: 'i' undeclared (first use in this function)
  302 |         for (int j=0; i<inferenceResult; j++){
      |                       ^
../Core/Src/main.c:302:23: note: each undeclared identifier is reported only once for each function it appears in
make: *** [Core/Src/subdir.mk:37: Core/Src/main.o] Error 1
"make -j12 all" terminated with exit code 2. Build might be incomplete.
17:38:01 **** Incremental Build of configuration Debug for project DT_STM ****
make -j12 all 
arm-none-eabi-gcc "../Core/Src/main.c" -mcpu=cortex-m4 -std=gnu11 -g3 -DDEBUG -DUSE_HAL_DRIVER -DSTM32F334x8 -c -I../Core/Inc -I../Drivers/STM32F3xx_HAL_Driver/Inc -I../Drivers/STM32F3xx_HAL_Driver/Inc/Legacy -I../Drivers/CMSIS/Device/ST/STM32F3xx/Include -I../Drivers/CMSIS/Include -O0 -ffunction-sections -fdata-sections -Wall -fstack-usage -fcyclomatic-complexity -MMD -MP -MF"Core/Src/main.d" -MT"Core/Src/main.o" --specs=nano.specs -mfpu=fpv4-sp-d16 -mfloat-abi=hard -mthumb -o "Core/Src/main.o"
arm-none-eabi-gcc -o "DT_STM.elf" @"objects.list"   -mcpu=cortex-m4 -T"C:\Users\roszc\Desktop\desk\MiLL_AI_BehaviorStudy\AI_Testing_Edge\decision_tree\STM\DT_STM\STM32F334R8TX_FLASH.ld" --specs=nosys.specs -Wl,-Map="DT_STM.map" -Wl,--gc-sections -static --specs=nano.specs -mfpu=fpv4-sp-d16 -mfloat-abi=hard -mthumb -Wl,--start-group -lc -lm -Wl,--end-group
Finished building target: DT_STM.elf
 
arm-none-eabi-size  DT_STM.elf 
arm-none-eabi-objdump -h -S DT_STM.elf  > "DT_STM.list"
   text	   data	    bss	    dec	    hex	filename
  12168	   4580	   1988	  18736	   4930	DT_STM.elf
Finished building: default.size.stdout
 
Finished building: DT_STM.list
 
17:40:32 **** Incremental Build of configuration Debug for project DT_STM ****
make -j12 all 
arm-none-eabi-gcc "../Core/Src/main.c" -mcpu=cortex-m4 -std=gnu11 -g3 -DDEBUG -DUSE_HAL_DRIVER -DSTM32F334x8 -c -I../Core/Inc -I../Drivers/STM32F3xx_HAL_Driver/Inc -I../Drivers/STM32F3xx_HAL_Driver/Inc/Legacy -I../Drivers/CMSIS/Device/ST/STM32F3xx/Include -I../Drivers/CMSIS/Include -O0 -ffunction-sections -fdata-sections -Wall -fstack-usage -fcyclomatic-complexity -MMD -MP -MF"Core/Src/main.d" -MT"Core/Src/main.o" --specs=nano.specs -mfpu=fpv4-sp-d16 -mfloat-abi=hard -mthumb -o "Core/Src/main.o"
arm-none-eabi-gcc "../Core/Src/system_stm32f3xx.c" -mcpu=cortex-m4 -std=gnu11 -g3 -DDEBUG -DUSE_HAL_DRIVER -DSTM32F334x8 -c -I../Core/Inc -I../Drivers/STM32F3xx_HAL_Driver/Inc -I../Drivers/STM32F3xx_HAL_Driver/Inc/Legacy -I../Drivers/CMSIS/Device/ST/STM32F3xx/Include -I../Drivers/CMSIS/Include -O0 -ffunction-sections -fdata-sections -Wall -fstack-usage -fcyclomatic-complexity -MMD -MP -MF"Core/Src/system_stm32f3xx.d" -MT"Core/Src/system_stm32f3xx.o" --specs=nano.specs -mfpu=fpv4-sp-d16 -mfloat-abi=hard -mthumb -o "Core/Src/system_stm32f3xx.o"
arm-none-eabi-gcc -o "DT_STM.elf" @"objects.list"   -mcpu=cortex-m4 -T"C:\Users\roszc\Desktop\desk\MiLL_AI_BehaviorStudy\AI_Testing_Edge\decision_tree\STM\DT_STM\STM32F334R8TX_FLASH.ld" --specs=nosys.specs -Wl,-Map="DT_STM.map" -Wl,--gc-sections -static --specs=nano.specs -mfpu=fpv4-sp-d16 -mfloat-abi=hard -mthumb -Wl,--start-group -lc -lm -Wl,--end-group
Finished building target: DT_STM.elf
 
arm-none-eabi-size  DT_STM.elf 
arm-none-eabi-objdump -h -S DT_STM.elf  > "DT_STM.list"
   text	   data	    bss	    dec	    hex	filename
  12168	   4580	   1988	  18736	   4930	DT_STM.elf
Finished building: default.size.stdout
 
Finished building: DT_STM.list
 
17:41:22 **** Incremental Build of configuration Debug for project DT_STM ****
make -j12 all 
arm-none-eabi-gcc "../Core/Src/main.c" -mcpu=cortex-m4 -std=gnu11 -g3 -DDEBUG -DUSE_HAL_DRIVER -DSTM32F334x8 -c -I../Core/Inc -I../Drivers/STM32F3xx_HAL_Driver/Inc -I../Drivers/STM32F3xx_HAL_Driver/Inc/Legacy -I../Drivers/CMSIS/Device/ST/STM32F3xx/Include -I../Drivers/CMSIS/Include -O0 -ffunction-sections -fdata-sections -Wall -fstack-usage -fcyclomatic-complexity -MMD -MP -MF"Core/Src/main.d" -MT"Core/Src/main.o" --specs=nano.specs -mfpu=fpv4-sp-d16 -mfloat-abi=hard -mthumb -o "Core/Src/main.o"
arm-none-eabi-gcc -o "DT_STM.elf" @"objects.list"   -mcpu=cortex-m4 -T"C:\Users\roszc\Desktop\desk\MiLL_AI_BehaviorStudy\AI_Testing_Edge\decision_tree\STM\DT_STM\STM32F334R8TX_FLASH.ld" --specs=nosys.specs -Wl,-Map="DT_STM.map" -Wl,--gc-sections -static --specs=nano.specs -mfpu=fpv4-sp-d16 -mfloat-abi=hard -mthumb -Wl,--start-group -lc -lm -Wl,--end-group
Finished building target: DT_STM.elf
 
arm-none-eabi-size  DT_STM.elf 
arm-none-eabi-objdump -h -S DT_STM.elf  > "DT_STM.list"
   text	   data	    bss	    dec	    hex	filename
  12136	   4580	   1988	  18704	   4910	DT_STM.elf
Finished building: default.size.stdout
 
Finished building: DT_STM.list
 
